app/(tabs)/timetable.tsx(104,57): error TS2339: Property 'getClassTimetable' does not exist on type '{ getClassSlots: (classSectionId: string, academicYearId?: string | undefined) => Promise<TimetableSlot[]>; createSlot: (data: CreateSlotRequest) => Promise<...>; deleteSlot: (id: string) => Promise<...>; getMyTimetable: () => Promise<...>; getTeacherTimetable: (academicYearId?: string | undefined) => Promise<...>; }'.
app/accounts/manage-users.tsx(83,54): error TS2339: Property 'delete' does not exist on type '{ getAll: <T = Student>(params?: any) => Promise<{ data: T[]; meta?: any; }>; search: (query: string) => Promise<Student[]>; getById: (id: string) => Promise<Student>; ... 6 more ...; getResults: (id: string) => Promise<...>; }'.
app/accounts/receipts.tsx(35,29): error TS2339: Property 'student_id' does not exist on type 'FeeTransaction'.
app/accounts/receipts.tsx(39,27): error TS2339: Property 'status' does not exist on type 'FeeTransaction'.
app/admin/fees/set-class-fee.tsx(8,22): error TS2305: Module '"../../../src/services/feeService"' has no exported member 'FeeType'.
app/Screen/busMap.tsx(37,56): error TS2339: Property 'name' does not exist on type 'User'.
app/Screen/complaints.tsx(19,10): error TS2305: Module '"../../src/types/models"' has no exported member 'Complaint'.
app/Screen/dcgd.tsx(46,68): error TS2339: Property 'name' does not exist on type 'User'.
app/Screen/dcgd.tsx(47,73): error TS2339: Property 'classId' does not exist on type 'User'.
app/Screen/dcgd.tsx(48,71): error TS2339: Property 'rollNo' does not exist on type 'User'.
app/Screen/examLinks.tsx(45,68): error TS2339: Property 'name' does not exist on type 'User'.
app/Screen/examLinks.tsx(46,73): error TS2339: Property 'classId' does not exist on type 'User'.
app/Screen/examLinks.tsx(47,71): error TS2339: Property 'rollNo' does not exist on type 'User'.
app/Screen/hostel.tsx(36,56): error TS2339: Property 'name' does not exist on type 'User'.
app/Screen/insurance.tsx(27,59): error TS2339: Property 'name' does not exist on type 'User'.
app/staff/profile.tsx(80,54): error TS2551: Property 'photoUrl' does not exist on type 'User'. Did you mean 'photo_url'?
app/staff/profile.tsx(89,58): error TS2339: Property 'name' does not exist on type 'User'.
app/staff/profile.tsx(127,42): error TS2339: Property 'phone' does not exist on type 'User'.
app/staff/profile.tsx(129,50): error TS2339: Property 'phone' does not exist on type 'User'.
app/staff/profile.tsx(129,75): error TS2339: Property 'phone' does not exist on type 'User'.
app/staff/student-details.tsx(42,24): error TS2345: Argument of type 'Student' is not assignable to parameter of type 'SetStateAction<StudentWithDetails | null>'.
  Type 'Student' is missing the following properties from type 'StudentWithDetails': person, person_id, status_id, created_at, updated_at
app/staff/student-details.tsx(45,47): error TS2339: Property 'parent' does not exist on type 'Parent'.
app/staff/student-details.tsx(47,58): error TS2339: Property 'class_section' does not exist on type 'StudentEnrollment'.
app/staff/student-details.tsx(47,97): error TS2339: Property 'class_section' does not exist on type 'StudentEnrollment'.
app/staff/student-details.tsx(50,28): error TS2339: Property 'person' does not exist on type 'Student'.
app/staff/student-details.tsx(50,59): error TS2339: Property 'person' does not exist on type 'Student'.
app/staff/student-details.tsx(50,85): error TS2339: Property 'person' does not exist on type 'Student'.
src/utils/mockData.ts(7,9): error TS2353: Object literal may only specify known properties, and 'name' does not exist in type 'User'.
src/utils/mockData.ts(14,9): error TS2353: Object literal may only specify known properties, and 'name' does not exist in type 'User'.
src/utils/mockData.ts(21,9): error TS2353: Object literal may only specify known properties, and 'name' does not exist in type 'User'.
src/utils/mockData.ts(28,9): error TS2353: Object literal may only specify known properties, and 'name' does not exist in type 'User'.
src/utils/mockData.ts(38,9): error TS2353: Object literal may only specify known properties, and 'name' does not exist in type 'Student'.
src/utils/mockData.ts(57,9): error TS2353: Object literal may only specify known properties, and 'name' does not exist in type 'Student'.
src/utils/mockData.ts(86,9): error TS2353: Object literal may only specify known properties, and 'date' does not exist in type 'Notice'.
src/utils/mockData.ts(96,9): error TS2353: Object literal may only specify known properties, and 'id' does not exist in type 'AttendanceRecord'.
